
Efinity Interface Designer Timing Report
Version: 2026.1.132.4.5
Date: 2026-10-03 18:55

Copyright (C) 2013 - 2026 Efinix Inc. All rights reserved.

Device: Ti135N676
Project: videostream
Timing Model: C4 (final)

---------- 1. Oscillator Timing Report (begin) ----------

+------------------+-------------+
|      Clock       | Period (ns) |
+------------------+-------------+
| osc_inst1_CLKOUT |    12.500   |
+------------------+-------------+

---------- Oscillator Timing Report (end) ----------

---------- 2. PLL Timing Report (begin) ----------

+--------------+----------+-----------------+--------------------------+---------+----------------------------------+---------------------------------+---------------------------------+
| PLL Instance | Resource | Reference Clock | Core Clock Reference Pin | FB Mode |        Core Feedback Pin         | PLL Compensation Delay Max (ns) | PLL Compensation Delay Min (ns) |
+--------------+----------+-----------------+--------------------------+---------+----------------------------------+---------------------------------+---------------------------------+
|  pll_inst2   | PLL_BL0  |     external    |                          |  local  |                                  |              0.000              |              0.000              |
|  pll_inst1   | PLL_TR0  |     external    |                          |   core  | pll_inst1_CLKOUT0~CLKOUT~158~484 |              1.769              |              1.145              |
+--------------+----------+-----------------+--------------------------+---------+----------------------------------+---------------------------------+---------------------------------+

+-------------------+-------------+----------------------------+-----------------------+----------+
|       Clock       | Period (ns) | Enable Dynamic Phase Shift | Phase Shift (degrees) | Inverted |
+-------------------+-------------+----------------------------+-----------------------+----------+
| pll_inst2_CLKOUT0 |    10.000   |           false            |         0.000         |  false   |
| pll_inst1_CLKOUT0 |    10.000   |           false            |         0.000         |  false   |
|      clk_100m     |    10.000   |           false            |         0.000         |  false   |
+-------------------+-------------+----------------------------+-----------------------+----------+

---------- PLL Timing Report (end) ----------

---------- 3. GPIO Timing Report (begin) ----------

Non-registered GPIO Configuration:
===================================

+---------------+-------------+-----------+----------+----------+
| Instance Name |   Pin Name  | Parameter | Max (ns) | Min (ns) |
+---------------+-------------+-----------+----------+----------+
|  ddr0_refclk  | ddr0_refclk |  GPIO_IN  |  2.979   |  0.823   |
|     sw[0]     |    sw[0]    |  GPIO_IN  |  3.768   |  1.350   |
|     sw[1]     |    sw[1]    |  GPIO_IN  |  3.768   |  1.350   |
|    uart_rxd   |   uart_rxd  |  GPIO_IN  |  3.709   |  1.310   |
|     cam_en    |    cam_en   |  GPIO_OUT |  6.594   |  2.728   |
|     led[0]    |    led[0]   |  GPIO_OUT |  6.741   |  2.723   |
|     led[1]    |    led[1]   |  GPIO_OUT |  6.741   |  2.723   |
|     led[2]    |    led[2]   |  GPIO_OUT |  6.741   |  2.723   |
|     led[3]    |    led[3]   |  GPIO_OUT |  6.543   |  3.333   |
|     led[4]    |    led[4]   |  GPIO_OUT |  6.543   |  3.333   |
|     led[5]    |    led[5]   |  GPIO_OUT |  6.543   |  3.333   |
|   scl_debug   |  scl_debug  |  GPIO_OUT |  6.543   |  3.333   |
|   sda_debug   |  sda_debug  |  GPIO_OUT |  6.543   |  3.333   |
|    uart_txd   |   uart_txd  |  GPIO_OUT |  6.741   |  2.723   |
|    cam_scl    |  cam_scl_IN |  GPIO_IN  |  3.470   |  1.530   |
|    cam_scl    | cam_scl_OUT |  GPIO_OUT |  6.594   |  2.728   |
|    cam_scl    |  cam_scl_OE |  GPIO_OUT |  5.838   |  2.890   |
|    cam_sda    |  cam_sda_IN |  GPIO_IN  |  3.470   |  1.530   |
|    cam_sda    | cam_sda_OUT |  GPIO_OUT |  6.594   |  2.728   |
|    cam_sda    |  cam_sda_OE |  GPIO_OUT |  5.838   |  2.890   |
+---------------+-------------+-----------+----------+----------+

---------- GPIO Timing Report (end) ----------

---------- 4. JTAG Timing Report (begin) ----------

+----------------------+--------------------------+-----------+----------+----------+
|    Instance Name     |         Pin Name         | Parameter | Max (ns) | Min (ns) |
+----------------------+--------------------------+-----------+----------+----------+
|      jtag_inst1      |      jtag_inst1_TDI      |  JTAG_IN  |  3.358   |  2.099   |
|      jtag_inst1      |      jtag_inst1_TMS      |  JTAG_IN  |  2.531   |  1.560   |
| jtag_inst2_autodbg__ | jtag_inst2_autodbg_TDI__ |  JTAG_IN  |  3.358   |  2.099   |
| jtag_inst2_autodbg__ | jtag_inst2_autodbg_TMS__ |  JTAG_IN  |  2.531   |  1.560   |
+----------------------+--------------------------+-----------+----------+----------+

---------- JTAG Timing Report (end) ----------

---------- 5.1 HSIO GPIO Timing Report (begin) ----------

Non-registered HSIO GPIO Configuration:
========================================

+------------------------+------------------------------------+-----------+----------+----------+
|     Instance Name      |              Pin Name              | Parameter | Max (ns) | Min (ns) |
+------------------------+------------------------------------+-----------+----------+----------+
|       gpio_inst1       |             gpio_inst1             |  GPIO_IN  |  1.466   |  0.664   |
| system_spi_0_io_data_0 | system_spi_0_io_data_0_writeEnable |  GPIO_OUT |  2.472   |  1.339   |
| system_spi_0_io_data_1 | system_spi_0_io_data_1_writeEnable |  GPIO_OUT |  2.472   |  1.339   |
+------------------------+------------------------------------+-----------+----------+----------+

Registered HSIO GPIO Configuration:
====================================

+----------------------------+-----------+----------------+----------------+---------------+---------------+-----------------------+-----------------------+
|       Instance Name        | Clock Pin | Max Setup (ns) | Min Setup (ns) | Max Hold (ns) | Min Hold (ns) | Max Clock To Out (ns) | Min Clock To Out (ns) |
+----------------------------+-----------+----------------+----------------+---------------+---------------+-----------------------+-----------------------+
| system_spi_0_io_sclk_write |  clk_100m |                |                |               |               |         2.226         |         1.484         |
|     system_spi_0_io_ss     |  clk_100m |                |                |               |               |         2.226         |         1.484         |
|   system_spi_0_io_data_0   |  clk_100m |     0.618      |     0.412      |     -0.408    |     -0.272    |                       |                       |
|   system_spi_0_io_data_0   |  clk_100m |                |                |               |               |         2.226         |         1.484         |
|   system_spi_0_io_data_1   |  clk_100m |     0.618      |     0.412      |     -0.408    |     -0.272    |                       |                       |
|   system_spi_0_io_data_1   |  clk_100m |                |                |               |               |         2.226         |         1.484         |
+----------------------------+-----------+----------------+----------------+---------------+---------------+-----------------------+-----------------------+

---------- HSIO GPIO Timing Report (end) ----------

---------- 6. Clock Network Delay Report (begin) ----------

+-------------------+----------+----------+
|     Clock Pin     | Max (ns) | Min (ns) |
+-------------------+----------+----------+
|      clk_100m     |  1.889   |  1.152   |
|  dphy_rx1_SLOWCLK |  1.857   |  1.202   |
| pll_inst1_CLKOUT0 |  1.769   |  1.145   |
|   sfp0_iface_clk  |  1.824   |  1.180   |
+-------------------+----------+----------+

---------- Clock Network Delay Report (end) ----------
