
---------- Module Resource Usage Distribution Estimates (begin) ----------

+--------------------------------------------------------------------------------------------------------------+----------------+----------+-------+------------+-----------------+-----------+------------------+-----------+------------------+----------+-----------------+-----------+
|                                                  inst_name                                                   |      xlr       |   mem    |  dsp  |  xlr_lut4  | xlr_lut4_and_ff | xlr_comb4 | xlr_comb4_and_ff | xlr_adder | xlr_adder_and_ff | xlr_srl8 | xlr_srl8_and_ff |  xlr_ff   |
+--------------------------------------------------------------------------------------------------------------+----------------+----------+-------+------------+-----------------+-----------+------------------+-----------+------------------+----------+-----------------+-----------+
| +fpga                                                                                                        |   29970(65)    |  506(0)  | 10(0) | 14595(65)  |     5492(0)     |   0(0)    |       0(0)       |  1779(0)  |      804(0)      |  64(0)   |      0(0)       |  7236(0)  |
|  +edb_top_autodbg_inst__                                                                                     |   1750.5(0)    |  64(0)   | 0(0)  |   916(0)   |    268.5(0)     |   0(0)    |       0(0)       |  118(0)   |      77(0)       |   7(0)   |      0(0)       |  364(0)   |
|   +debug_hub_inst                                                                                            |    119(119)    |   0(0)   | 0(0)  |   32(32)   |      0(0)       |   0(0)    |       0(0)       |   0(0)    |       0(0)       |   0(0)   |      0(0)       |  87(87)   |
|   +la0                                                                                                       | 1631.5(679.5)  |  64(0)   | 0(0)  |  884(286)  |  268.5(125.5)   |   0(0)    |       0(0)       |  118(51)  |      77(0)       |   7(0)   |      0(0)       | 277(217)  |
|    +axi_crc_i                                                                                                |     37(37)     |   0(0)   | 0(0)  |    5(5)    |     32(32)      |   0(0)    |       0(0)       |   0(0)    |       0(0)       |   0(0)   |      0(0)       |   0(0)    |
|    +GEN_PROBE[0].genblk7.genblk3.trigger_cu                                                                  |     10(10)     |   0(0)   | 0(0)  |    3(3)    |      4(4)       |   0(0)    |       0(0)       |   0(0)    |       0(0)       |   0(0)   |      0(0)       |   3(3)    |
|    +GEN_PROBE[1].genblk7.genblk3.trigger_cu                                                                  |     10(10)     |   0(0)   | 0(0)  |    3(3)    |      4(4)       |   0(0)    |       0(0)       |   0(0)    |       0(0)       |   0(0)   |      0(0)       |   3(3)    |
|    +GEN_PROBE[2].genblk7.genblk3.trigger_cu                                                                  |     10(10)     |   0(0)   | 0(0)  |    3(3)    |      4(4)       |   0(0)    |       0(0)       |   0(0)    |       0(0)       |   0(0)   |      0(0)       |   3(3)    |
|    +GEN_PROBE[3].genblk7.genblk3.trigger_cu                                                                  |     10(10)     |   0(0)   | 0(0)  |    3(3)    |      4(4)       |   0(0)    |       0(0)       |   0(0)    |       0(0)       |   0(0)   |      0(0)       |   3(3)    |
|    +GEN_PROBE[4].genblk7.genblk3.trigger_cu                                                                  |     10(10)     |   0(0)   | 0(0)  |    3(3)    |      4(4)       |   0(0)    |       0(0)       |   0(0)    |       0(0)       |   0(0)   |      0(0)       |   3(3)    |
|    +GEN_PROBE[5].genblk7.genblk3.trigger_cu                                                                  |     10(10)     |   0(0)   | 0(0)  |    3(3)    |      4(4)       |   0(0)    |       0(0)       |   0(0)    |       0(0)       |   0(0)   |      0(0)       |   3(3)    |
|    +GEN_PROBE[6].genblk7.genblk3.trigger_cu                                                                  |     10(10)     |   0(0)   | 0(0)  |    3(3)    |      4(4)       |   0(0)    |       0(0)       |   0(0)    |       0(0)       |   0(0)   |      0(0)       |   3(3)    |
|    +la_biu_inst                                                                                              |    536(211)    |  64(0)   | 0(0)  |  392(171)  |     18(11)      |   0(0)    |       0(0)       |   4(0)    |      77(0)       |   7(0)   |      0(0)       |  38(29)   |
|     +fifo_with_read_inst                                                                                     |   325(193.5)   |  64(0)   | 0(0)  |  221(99)   |     7(1.5)      |   0(0)    |       0(0)       |   4(4)    |      77(77)      |   7(7)   |      0(0)       |   9(5)    |
|      +simple_dual_port_ram_inst                                                                              |   83.5(83.5)   |  64(64)  | 0(0)  |   74(74)   |    5.5(5.5)     |   0(0)    |       0(0)       |   0(0)    |       0(0)       |   0(0)   |      0(0)       |   4(4)    |
|      +transcode_write_addr                                                                                   |     48(48)     |   0(0)   | 0(0)  |   48(48)   |      0(0)       |   0(0)    |       0(0)       |   0(0)    |       0(0)       |   0(0)   |      0(0)       |   0(0)    |
|    +trigger_skipper_n                                                                                        |    297(297)    |   0(0)   | 0(0)  |  169(169)  |     64(64)      |   0(0)    |       0(0)       |  63(63)   |       0(0)       |   0(0)   |      0(0)       |   1(1)    |
|    +trigger_tu                                                                                               |     12(12)     |   0(0)   | 0(0)  |   11(11)   |      1(1)       |   0(0)    |       0(0)       |   0(0)    |       0(0)       |   0(0)   |      0(0)       |   0(0)    |
|  +inst_mipi_abp                                                                                              |  339.5(339.5)  |   0(0)   | 0(0)  |  111(111)  |   35.5(35.5)    |   0(0)    |       0(0)       |   0(0)    |       0(0)       |   0(0)   |      0(0)       | 193(193)  |
|  +inst_sapphire                                                                                              |    7278(0)     |  52(0)   | 4(0)  |  3011(0)   |     1518(0)     |   0(0)    |       0(0)       |  335(0)   |      352(0)      |   7(0)   |      0(0)       |  2055(0)  |
|   +u_EfxSapphireSoc                                                                                          |   7278(667)    |  52(0)   | 4(0)  | 3011(128)  |    1518(172)    |   0(0)    |       0(0)       |  335(0)   |     352(16)      |   7(0)   |      0(0)       | 2055(351) |
|    +debugCd_logic_outputReset_asyncAssertSyncDeassert_buffercc                                               |      2(2)      |   0(0)   | 0(0)  |    0(0)    |      0(0)       |   0(0)    |       0(0)       |   0(0)    |       0(0)       |   0(0)   |      0(0)       |   2(2)    |
|    +io_apbSlave_0_logic                                                                                      |   40.5(40.5)   |   0(0)   | 0(0)  |    3(3)    |    1.5(1.5)     |   0(0)    |       0(0)       |   0(0)    |       0(0)       |   0(0)   |      0(0)       |  36(36)   |
|    +io_apbSlave_1_logic                                                                                      |   40.5(40.5)   |   0(0)   | 0(0)  |    3(3)    |    1.5(1.5)     |   0(0)    |       0(0)       |   0(0)    |       0(0)       |   0(0)   |      0(0)       |  36(36)   |
|    +io_apbSlave_2_logic                                                                                      |     41(41)     |   0(0)   | 0(0)  |    3(3)    |      2(2)       |   0(0)    |       0(0)       |   0(0)    |       0(0)       |   0(0)   |      0(0)       |  36(36)   |
|    +io_apbSlave_3_logic                                                                                      |      3(3)      |   0(0)   | 0(0)  |    0(0)    |      0(0)       |   0(0)    |       0(0)       |   0(0)    |       0(0)       |   0(0)   |      0(0)       |   3(3)    |
|    +io_asyncReset_asyncAssertSyncDeassert_buffercc                                                           |      2(2)      |   0(0)   | 0(0)  |    0(0)    |      0(0)       |   0(0)    |       0(0)       |   0(0)    |       0(0)       |   0(0)   |      0(0)       |   2(2)    |
|    +system_bmbPeripheral_bmb_decoder                                                                         |    346(346)    |   0(0)   | 0(0)  |  245(245)  |     37(37)      |   0(0)    |       0(0)       |   0(0)    |       0(0)       |   0(0)   |      0(0)       |  64(64)   |
|    +system_bridge_bmb_arbiter                                                                                |   48.5(4.5)    |   0(0)   | 0(0)  |    8(4)    |    39.5(0.5)    |   0(0)    |       0(0)       |   0(0)    |       0(0)       |   0(0)   |      0(0)       |   1(0)    |
|     +memory_arbiter                                                                                          |     44(44)     |   0(0)   | 0(0)  |    4(4)    |     39(39)      |   0(0)    |       0(0)       |   0(0)    |       0(0)       |   0(0)   |      0(0)       |   1(1)    |
|    +system_bridge_bmb_decoder                                                                                |   64.5(64.5)   |   0(0)   | 0(0)  |   24(24)   |   21.5(21.5)    |   0(0)    |       0(0)       |   8(8)    |       7(7)       |   0(0)   |      0(0)       |   4(4)    |
|    +system_bridge_bmb_unburstify                                                                             |   51.5(51.5)   |   0(0)   | 0(0)  |   15(15)   |   22.5(22.5)    |   0(0)    |       0(0)       |   0(0)    |       0(0)       |   0(0)   |      0(0)       |  14(14)   |
|    +system_bridge_bmb_unburstify_1                                                                           |     37(37)     |   0(0)   | 0(0)  |   16(16)   |     16(16)      |   0(0)    |       0(0)       |   0(0)    |       0(0)       |   0(0)   |      0(0)       |   5(5)    |
|    +system_clint_logic                                                                                       |  278.5(278.5)  |   0(0)   | 0(0)  |  112(112)  |   33.5(33.5)    |   0(0)    |       0(0)       |   0(0)    |      63(63)      |   0(0)   |      0(0)       |  70(70)   |
|    +system_coreStopTime_buffercc                                                                             |      1(1)      |   0(0)   | 0(0)  |    0(0)    |      0(0)       |   0(0)    |       0(0)       |   0(0)    |       0(0)       |   1(1)   |      0(0)       |   0(0)    |
|    +system_cores_0_logic_cpu                                                                                 |  3412.5(2934)  |  16(4)   | 4(4)  | 1637(1340) |   779.5(732)    |   0(0)    |       0(0)       | 205(199)  |     142(136)     |   1(0)   |      0(0)       | 648(527)  |
|     +dataCache_1                                                                                             |  217.5(217.5)  |   6(6)   | 0(0)  |  111(111)  |   25.5(25.5)    |   0(0)    |       0(0)       |   6(6)    |       0(0)       |   0(0)   |      0(0)       |  75(75)   |
|     +EfxCPUSp2_inst                                                                                          |    172(172)    |   0(0)   | 0(0)  |  156(156)  |     16(16)      |   0(0)    |       0(0)       |   0(0)    |       0(0)       |   0(0)   |      0(0)       |   0(0)    |
|     +IBusCachedPlugin_cache                                                                                  |     88(88)     |   6(6)   | 0(0)  |   30(30)   |      6(6)       |   0(0)    |       0(0)       |   0(0)    |       6(6)       |   0(0)   |      0(0)       |  46(46)   |
|     +systemCd_logic_outputReset_buffercc                                                                     |      1(1)      |   0(0)   | 0(0)  |    0(0)    |      0(0)       |   0(0)    |       0(0)       |   0(0)    |       0(0)       |   1(1)   |      0(0)       |   0(0)    |
|    +system_gpio_0_io_logic                                                                                   |   43.5(43.5)   |   0(0)   | 0(0)  |   19(19)   |    4.5(4.5)     |   0(0)    |       0(0)       |   0(0)    |       0(0)       |   0(0)   |      0(0)       |  20(20)   |
|    +system_i2c_0_io_logic                                                                                    |   607.5(492)   |   0(0)   | 0(0)  |  281(257)  |    93.5(55)     |   0(0)    |       0(0)       |  54(15)   |       0(0)       |   0(0)   |      0(0)       | 179(165)  |
|     +i2cCtrl                                                                                                 |  115.5(111.5)  |   0(0)   | 0(0)  |   24(24)   |   38.5(38.5)    |   0(0)    |       0(0)       |  39(39)   |       0(0)       |   0(0)   |      0(0)       |  14(10)   |
|      +io_i2c_scl_read_buffercc                                                                               |      2(2)      |   0(0)   | 0(0)  |    0(0)    |      0(0)       |   0(0)    |       0(0)       |   0(0)    |       0(0)       |   0(0)   |      0(0)       |   2(2)    |
|      +io_i2c_sda_read_buffercc                                                                               |      2(2)      |   0(0)   | 0(0)  |    0(0)    |      0(0)       |   0(0)    |       0(0)       |   0(0)    |       0(0)       |   0(0)   |      0(0)       |   2(2)    |
|    +system_ramA_logic                                                                                        |      6(6)      |  32(32)  | 0(0)  |    5(5)    |      1(1)       |   0(0)    |       0(0)       |   0(0)    |       0(0)       |   0(0)   |      0(0)       |   0(0)    |
|    +system_riscvJtag_debug_logic_dm                                                                          |    368(368)    |   0(0)   | 0(0)  |  154(154)  |     58(58)      |   0(0)    |       0(0)       |   0(0)    |       0(0)       |   0(0)   |      0(0)       | 156(156)  |
|    +system_riscvJtag_debug_systemReset_asyncAssertSyncDeassert_buffercc                                      |      2(2)      |   0(0)   | 0(0)  |    0(0)    |      0(0)       |   0(0)    |       0(0)       |   0(0)    |       0(0)       |   0(0)   |      0(0)       |   2(2)    |
|    +system_riscvJtag_hard_noTap_tunnel                                                                       |    301(187)    |   0(0)   | 0(0)  |   24(24)   |     81(79)      |   0(0)    |       0(0)       |   0(0)    |       0(0)       |   4(3)   |      0(0)       |  192(81)  |
|     +logic_jtagLogic_dmiCmd_ccToggle                                                                         |     43(42)     |   0(0)   | 0(0)  |    0(0)    |      1(1)       |   0(0)    |       0(0)       |   0(0)    |       0(0)       |   1(0)   |      0(0)       |  41(41)   |
|      +inputArea_target_buffercc                                                                              |      1(1)      |   0(0)   | 0(0)  |    0(0)    |      0(0)       |   0(0)    |       0(0)       |   0(0)    |       0(0)       |   1(1)   |      0(0)       |   0(0)    |
|     +logic_systemLogic_bus_rsp_ccToggle                                                                      |     71(67)     |   0(0)   | 0(0)  |    0(0)    |      1(1)       |   0(0)    |       0(0)       |   0(0)    |       0(0)       |   0(0)   |      0(0)       |  70(66)   |
|      +inputArea_target_buffercc                                                                              |      2(2)      |   0(0)   | 0(0)  |    0(0)    |      0(0)       |   0(0)    |       0(0)       |   0(0)    |       0(0)       |   0(0)   |      0(0)       |   2(2)    |
|      +system_riscvJtag_hard_noTap_tunnel_toplevel_debugCd_logic_outputReset_asyncAssertSyncDeassert_buffercc |      2(2)      |   0(0)   | 0(0)  |    0(0)    |      0(0)       |   0(0)    |       0(0)       |   0(0)    |       0(0)       |   0(0)   |      0(0)       |   2(2)    |
|    +system_spi_0_io_logic                                                                                    |  361.5(143.5)  |   2(0)   | 0(0)  |  149(39)   |   47.5(32.5)    |   0(0)    |       0(0)       |   20(0)   |      43(0)       |   0(0)   |      0(0)       |  102(72)  |
|     +ctrl                                                                                                    |    109(109)    |   0(0)   | 0(0)  |   77(77)   |     13(13)      |   0(0)    |       0(0)       |   0(0)    |      11(11)      |   0(0)   |      0(0)       |   8(8)    |
|     +ctrl_io_rsp_queueWithOccupancy                                                                          |     56(56)     |   1(1)   | 0(0)  |   18(18)   |      1(1)       |   0(0)    |       0(0)       |  10(10)   |      16(16)      |   0(0)   |      0(0)       |  11(11)   |
|     +mapping_cmdLogic_streamUnbuffered_queueWithAvailability                                                 |     53(53)     |   1(1)   | 0(0)  |   15(15)   |      1(1)       |   0(0)    |       0(0)       |  10(10)   |      16(16)      |   0(0)   |      0(0)       |  11(11)   |
|    +system_uart_0_io_logic                                                                                   |   345.5(101)   |   2(0)   | 0(0)  |  116(27)   |    73.5(29)     |   0(0)    |       0(0)       |   48(9)   |      34(0)       |   0(0)   |      0(0)       |  74(36)   |
|     +bridge_write_streamUnbuffered_queueWithOccupancy                                                        |     48(48)     |   1(1)   | 0(0)  |   14(14)   |      1(1)       |   0(0)    |       0(0)       |   9(9)    |      14(14)      |   0(0)   |      0(0)       |  10(10)   |
|     +uartCtrl_1                                                                                              |   153.5(49)    |   0(0)   | 0(0)  |   66(7)    |    42.5(20)     |   0(0)    |       0(0)       |  21(21)   |       6(0)       |   0(0)   |      0(0)       |   18(1)   |
|      +rx                                                                                                     |   72.5(70.5)   |   0(0)   | 0(0)  |   38(38)   |   11.5(11.5)    |   0(0)    |       0(0)       |   0(0)    |       6(6)       |   0(0)   |      0(0)       |  17(15)   |
|       +io_rxd_buffercc                                                                                       |      2(2)      |   0(0)   | 0(0)  |    0(0)    |      0(0)       |   0(0)    |       0(0)       |   0(0)    |       0(0)       |   0(0)   |      0(0)       |   2(2)    |
|      +tx                                                                                                     |     32(32)     |   0(0)   | 0(0)  |   21(21)   |     11(11)      |   0(0)    |       0(0)       |   0(0)    |       0(0)       |   0(0)   |      0(0)       |   0(0)    |
|     +uartCtrl_1_io_read_queueWithOccupancy                                                                   |     43(43)     |   1(1)   | 0(0)  |    9(9)    |      1(1)       |   0(0)    |       0(0)       |   9(9)    |      14(14)      |   0(0)   |      0(0)       |  10(10)   |
|    +system_userTimer_0_logic                                                                                 |   206.5(134)   |   0(0)   | 0(0)  |   69(46)   |    32.5(32)     |   0(0)    |       0(0)       |   0(0)    |      47(0)       |   0(0)   |      0(0)       |  58(56)   |
|     +prescaler_1                                                                                             |     17(17)     |   0(0)   | 0(0)  |    1(1)    |      0(0)       |   0(0)    |       0(0)       |   0(0)    |      15(15)      |   0(0)   |      0(0)       |   1(1)    |
|     +timer_1                                                                                                 |   55.5(55.5)   |   0(0)   | 0(0)  |   22(22)   |    0.5(0.5)     |   0(0)    |       0(0)       |   0(0)    |      32(32)      |   0(0)   |      0(0)       |   1(1)    |
|    +userInterruptA_buffercc                                                                                  |      1(1)      |   0(0)   | 0(0)  |    0(0)    |      0(0)       |   0(0)    |       0(0)       |   0(0)    |       0(0)       |   1(1)   |      0(0)       |   0(0)    |
|  +inst_udp_video_generator                                                                                   |  20483(475.5)  |  390(0)  | 6(0)  | 10483(14)  |   3654(145.5)   |   0(0)    |       0(0)       | 1326(210) |      366(8)      |  50(0)   |      0(0)       | 4604(98)  |
|   +inst0_rgb_gain                                                                                            |    257(257)    |   0(0)   | 6(6)  |  141(141)  |    108(108)     |   0(0)    |       0(0)       |   0(0)    |       0(0)       |   0(0)   |      0(0)       |   8(8)    |
|   +inst_csi2_rx_top                                                                                          |   1952.5(0)    |  68(0)   | 0(0)  |  1084(0)   |    427.5(0)     |   0(0)    |       0(0)       |  107(0)   |      53(0)       |   0(0)   |      0(0)       |  281(0)   |
|    +u_efx_csi2_rx_top                                                                                        |   1952.5(34)   |  68(0)   | 0(0)  |  1084(9)   |    427.5(1)     |   0(0)    |       0(0)       |  107(0)   |      53(15)      |   0(0)   |      0(0)       |  281(9)   |
|     +depacketizer_inst                                                                                       |  422.5(347.5)  |   0(0)   | 0(0)  |  256(206)  |   113.5(88.5)   |   0(0)    |       0(0)       |   0(0)    |       0(0)       |   0(0)   |      0(0)       |  53(53)   |
|      +genblk5.ecc_check_inst                                                                                 |     75(75)     |   0(0)   | 0(0)  |   50(50)   |     25(25)      |   0(0)    |       0(0)       |   0(0)    |       0(0)       |   0(0)   |      0(0)       |   0(0)    |
|     +genblk2.lane_aligner_inst                                                                               |     73(4)      |   4(0)   | 0(0)  |   23(2)    |      8(0)       |   0(0)    |       0(0)       |   0(0)    |      12(0)       |   0(0)   |      0(0)       |   30(2)   |
|      +genblk1[0].u1_inst                                                                                     |     29(0)      |   1(0)   | 0(0)  |   12(0)    |      4(0)       |   0(0)    |       0(0)       |   0(0)    |       5(0)       |   0(0)   |      0(0)       |   8(0)    |
|       +genblk2.efx_resetsync_a_rst                                                                           |      2(0)      |   0(0)   | 0(0)  |    0(0)    |      0(0)       |   0(0)    |       0(0)       |   0(0)    |       0(0)       |   0(0)   |      0(0)       |   2(0)    |
|        +active_high.efx_resetsync_active_high                                                                |      2(2)      |   0(0)   | 0(0)  |    0(0)    |      0(0)       |   0(0)    |       0(0)       |   0(0)    |       0(0)       |   0(0)   |      0(0)       |   2(2)    |
|       +xefx_fifo_ctl                                                                                         |     27(27)     |   0(0)   | 0(0)  |   12(12)   |      4(4)       |   0(0)    |       0(0)       |   0(0)    |       5(5)       |   0(0)   |      0(0)       |   6(6)    |
|       +xefx_fifo_ram                                                                                         |      0(0)      |   1(1)   | 0(0)  |    0(0)    |      0(0)       |   0(0)    |       0(0)       |   0(0)    |       0(0)       |   0(0)   |      0(0)       |   0(0)    |
|      +genblk1[1].u1_inst                                                                                     |     26(0)      |   1(0)   | 0(0)  |    9(0)    |      4(0)       |   0(0)    |       0(0)       |   0(0)    |       5(0)       |   0(0)   |      0(0)       |   8(0)    |
|       +genblk2.efx_resetsync_a_rst                                                                           |      2(0)      |   0(0)   | 0(0)  |    0(0)    |      0(0)       |   0(0)    |       0(0)       |   0(0)    |       0(0)       |   0(0)   |      0(0)       |   2(0)    |
|        +active_high.efx_resetsync_active_high                                                                |      2(2)      |   0(0)   | 0(0)  |    0(0)    |      0(0)       |   0(0)    |       0(0)       |   0(0)    |       0(0)       |   0(0)   |      0(0)       |   2(2)    |
|       +xefx_fifo_ctl                                                                                         |     24(24)     |   0(0)   | 0(0)  |    9(9)    |      4(4)       |   0(0)    |       0(0)       |   0(0)    |       5(5)       |   0(0)   |      0(0)       |   6(6)    |
|       +xefx_fifo_ram                                                                                         |      0(0)      |   1(1)   | 0(0)  |    0(0)    |      0(0)       |   0(0)    |       0(0)       |   0(0)    |       0(0)       |   0(0)   |      0(0)       |   0(0)    |
|      +genblk1[2].u1_inst                                                                                     |      7(0)      |   1(0)   | 0(0)  |    0(0)    |      0(0)       |   0(0)    |       0(0)       |   0(0)    |       1(0)       |   0(0)   |      0(0)       |   6(0)    |
|       +genblk2.efx_resetsync_a_rst                                                                           |      2(0)      |   0(0)   | 0(0)  |    0(0)    |      0(0)       |   0(0)    |       0(0)       |   0(0)    |       0(0)       |   0(0)   |      0(0)       |   2(0)    |
|        +active_high.efx_resetsync_active_high                                                                |      2(2)      |   0(0)   | 0(0)  |    0(0)    |      0(0)       |   0(0)    |       0(0)       |   0(0)    |       0(0)       |   0(0)   |      0(0)       |   2(2)    |
|       +xefx_fifo_ctl                                                                                         |      5(5)      |   0(0)   | 0(0)  |    0(0)    |      0(0)       |   0(0)    |       0(0)       |   0(0)    |       1(1)       |   0(0)   |      0(0)       |   4(4)    |
|       +xefx_fifo_ram                                                                                         |      0(0)      |   1(1)   | 0(0)  |    0(0)    |      0(0)       |   0(0)    |       0(0)       |   0(0)    |       0(0)       |   0(0)   |      0(0)       |   0(0)    |
|      +genblk1[3].u1_inst                                                                                     |      7(0)      |   1(0)   | 0(0)  |    0(0)    |      0(0)       |   0(0)    |       0(0)       |   0(0)    |       1(0)       |   0(0)   |      0(0)       |   6(0)    |
|       +genblk2.efx_resetsync_a_rst                                                                           |      2(0)      |   0(0)   | 0(0)  |    0(0)    |      0(0)       |   0(0)    |       0(0)       |   0(0)    |       0(0)       |   0(0)   |      0(0)       |   2(0)    |
|        +active_high.efx_resetsync_active_high                                                                |      2(2)      |   0(0)   | 0(0)  |    0(0)    |      0(0)       |   0(0)    |       0(0)       |   0(0)    |       0(0)       |   0(0)   |      0(0)       |   2(2)    |
|       +xefx_fifo_ctl                                                                                         |      5(5)      |   0(0)   | 0(0)  |    0(0)    |      0(0)       |   0(0)    |       0(0)       |   0(0)    |       1(1)       |   0(0)   |      0(0)       |   4(4)    |
|       +xefx_fifo_ram                                                                                         |      0(0)      |   1(1)   | 0(0)  |    0(0)    |      0(0)       |   0(0)    |       0(0)       |   0(0)    |       0(0)       |   0(0)   |      0(0)       |   0(0)    |
|     +genblk3.byte2pixel_inst                                                                                 |   1417(469)    |  64(0)   | 0(0)  |  796(295)  |     305(79)     |   0(0)    |       0(0)       |  107(91)  |      26(0)       |   0(0)   |      0(0)       |  183(4)   |
|      +genblk2.depack40bit_inst                                                                               |    207(207)    |   0(0)   | 0(0)  |  147(147)  |     37(37)      |   0(0)    |       0(0)       |   0(0)    |       0(0)       |   0(0)   |      0(0)       |  23(23)   |
|      +genblk3.depack48bit_inst                                                                               |    136(136)    |   0(0)   | 0(0)  |   68(68)   |     52(52)      |   0(0)    |       0(0)       |   0(0)    |       0(0)       |   0(0)   |      0(0)       |  16(16)   |
|      +genblk4.depack56bit_inst                                                                               |  295.5(295.5)  |   0(0)   | 0(0)  |  223(223)  |   55.5(55.5)    |   0(0)    |       0(0)       |   0(0)    |       0(0)       |   0(0)   |      0(0)       |  17(17)   |
|      +genblk5.depack64bit_inst                                                                               |   69.5(69.5)   |   0(0)   | 0(0)  |   37(37)   |   32.5(32.5)    |   0(0)    |       0(0)       |   0(0)    |       0(0)       |   0(0)   |      0(0)       |   0(0)    |
|      +syncreg_0                                                                                              |      2(2)      |   0(0)   | 0(0)  |    0(0)    |      0(0)       |   0(0)    |       0(0)       |   0(0)    |       0(0)       |   0(0)   |      0(0)       |   2(2)    |
|      +syncreg_1                                                                                              |      2(2)      |   0(0)   | 0(0)  |    0(0)    |      0(0)       |   0(0)    |       0(0)       |   0(0)    |       0(0)       |   0(0)   |      0(0)       |   2(2)    |
|      +syncreg_10                                                                                             |      2(2)      |   0(0)   | 0(0)  |    0(0)    |      0(0)       |   0(0)    |       0(0)       |   0(0)    |       0(0)       |   0(0)   |      0(0)       |   2(2)    |
|      +syncreg_11                                                                                             |      2(2)      |   0(0)   | 0(0)  |    0(0)    |      0(0)       |   0(0)    |       0(0)       |   0(0)    |       0(0)       |   0(0)   |      0(0)       |   2(2)    |
|      +syncreg_12                                                                                             |      2(2)      |   0(0)   | 0(0)  |    0(0)    |      0(0)       |   0(0)    |       0(0)       |   0(0)    |       0(0)       |   0(0)   |      0(0)       |   2(2)    |
|      +syncreg_13                                                                                             |      2(2)      |   0(0)   | 0(0)  |    0(0)    |      0(0)       |   0(0)    |       0(0)       |   0(0)    |       0(0)       |   0(0)   |      0(0)       |   2(2)    |
|      +syncreg_14                                                                                             |      2(2)      |   0(0)   | 0(0)  |    0(0)    |      0(0)       |   0(0)    |       0(0)       |   0(0)    |       0(0)       |   0(0)   |      0(0)       |   2(2)    |
|      +syncreg_15                                                                                             |      2(2)      |   0(0)   | 0(0)  |    0(0)    |      0(0)       |   0(0)    |       0(0)       |   0(0)    |       0(0)       |   0(0)   |      0(0)       |   2(2)    |
|      +syncreg_16                                                                                             |      2(2)      |   0(0)   | 0(0)  |    0(0)    |      0(0)       |   0(0)    |       0(0)       |   0(0)    |       0(0)       |   0(0)   |      0(0)       |   2(2)    |
|      +syncreg_17                                                                                             |      2(2)      |   0(0)   | 0(0)  |    0(0)    |      0(0)       |   0(0)    |       0(0)       |   0(0)    |       0(0)       |   0(0)   |      0(0)       |   2(2)    |
|      +syncreg_18                                                                                             |      2(2)      |   0(0)   | 0(0)  |    0(0)    |      0(0)       |   0(0)    |       0(0)       |   0(0)    |       0(0)       |   0(0)   |      0(0)       |   2(2)    |
|      +syncreg_2                                                                                              |      2(2)      |   0(0)   | 0(0)  |    0(0)    |      0(0)       |   0(0)    |       0(0)       |   0(0)    |       0(0)       |   0(0)   |      0(0)       |   2(2)    |
|      +syncreg_20                                                                                             |      4(4)      |   0(0)   | 0(0)  |    0(0)    |      0(0)       |   0(0)    |       0(0)       |   0(0)    |       0(0)       |   0(0)   |      0(0)       |   4(4)    |
|      +syncreg_23                                                                                             |      2(2)      |   0(0)   | 0(0)  |    0(0)    |      0(0)       |   0(0)    |       0(0)       |   0(0)    |       0(0)       |   0(0)   |      0(0)       |   2(2)    |
|      +syncreg_24                                                                                             |      2(2)      |   0(0)   | 0(0)  |    0(0)    |      0(0)       |   0(0)    |       0(0)       |   0(0)    |       0(0)       |   0(0)   |      0(0)       |   2(2)    |
|      +syncreg_25                                                                                             |      2(2)      |   0(0)   | 0(0)  |    0(0)    |      0(0)       |   0(0)    |       0(0)       |   0(0)    |       0(0)       |   0(0)   |      0(0)       |   2(2)    |
|      +syncreg_26                                                                                             |      2(2)      |   0(0)   | 0(0)  |    0(0)    |      0(0)       |   0(0)    |       0(0)       |   0(0)    |       0(0)       |   0(0)   |      0(0)       |   2(2)    |
|      +syncreg_3                                                                                              |      2(2)      |   0(0)   | 0(0)  |    0(0)    |      0(0)       |   0(0)    |       0(0)       |   0(0)    |       0(0)       |   0(0)   |      0(0)       |   2(2)    |
|      +syncreg_4                                                                                              |      2(2)      |   0(0)   | 0(0)  |    0(0)    |      0(0)       |   0(0)    |       0(0)       |   0(0)    |       0(0)       |   0(0)   |      0(0)       |   2(2)    |
|      +syncreg_5                                                                                              |      2(2)      |   0(0)   | 0(0)  |    0(0)    |      0(0)       |   0(0)    |       0(0)       |   0(0)    |       0(0)       |   0(0)   |      0(0)       |   2(2)    |
|      +syncreg_6                                                                                              |      2(2)      |   0(0)   | 0(0)  |    0(0)    |      0(0)       |   0(0)    |       0(0)       |   0(0)    |       0(0)       |   0(0)   |      0(0)       |   2(2)    |
|      +syncreg_7                                                                                              |      2(2)      |   0(0)   | 0(0)  |    0(0)    |      0(0)       |   0(0)    |       0(0)       |   0(0)    |       0(0)       |   0(0)   |      0(0)       |   2(2)    |
|      +syncreg_8                                                                                              |      2(2)      |   0(0)   | 0(0)  |    0(0)    |      0(0)       |   0(0)    |       0(0)       |   0(0)    |       0(0)       |   0(0)   |      0(0)       |   2(2)    |
|      +syncreg_9                                                                                              |      2(2)      |   0(0)   | 0(0)  |    0(0)    |      0(0)       |   0(0)    |       0(0)       |   0(0)    |       0(0)       |   0(0)   |      0(0)       |   2(2)    |
|      +syncreg_fifowr_done                                                                                    |      2(2)      |   0(0)   | 0(0)  |    0(0)    |      0(0)       |   0(0)    |       0(0)       |   0(0)    |       0(0)       |   0(0)   |      0(0)       |   2(2)    |
|      +syncreg_fifo_buffer                                                                                    |      2(2)      |   0(0)   | 0(0)  |    0(0)    |      0(0)       |   0(0)    |       0(0)       |   0(0)    |       0(0)       |   0(0)   |      0(0)       |   2(2)    |
|      +u1_inst                                                                                                |     186(0)     |  64(0)   | 0(0)  |   26(0)    |      49(0)      |   0(0)    |       0(0)       |   16(0)   |      26(0)       |   0(0)   |      0(0)       |   69(0)   |
|       +genblk2.genblk1.efx_resetsync_rd_rst                                                                  |      2(0)      |   0(0)   | 0(0)  |    0(0)    |      0(0)       |   0(0)    |       0(0)       |   0(0)    |       0(0)       |   0(0)   |      0(0)       |   2(0)    |
|        +active_high.efx_resetsync_active_high                                                                |      2(2)      |   0(0)   | 0(0)  |    0(0)    |      0(0)       |   0(0)    |       0(0)       |   0(0)    |       0(0)       |   0(0)   |      0(0)       |   2(2)    |
|       +genblk2.genblk1.efx_resetsync_wr_rst                                                                  |      2(0)      |   0(0)   | 0(0)  |    0(0)    |      0(0)       |   0(0)    |       0(0)       |   0(0)    |       0(0)       |   0(0)   |      0(0)       |   2(0)    |
|        +active_high.efx_resetsync_active_high                                                                |      2(2)      |   0(0)   | 0(0)  |    0(0)    |      0(0)       |   0(0)    |       0(0)       |   0(0)    |       0(0)       |   0(0)   |      0(0)       |   2(2)    |
|       +xefx_fifo_ctl                                                                                         |   182(98.5)    |   0(0)   | 0(0)  |   26(23)   |    49(24.5)     |   0(0)    |       0(0)       |  16(16)   |      26(26)      |   0(0)   |      0(0)       |   65(9)   |
|        +async_clk.wr2rd_addr_sync                                                                            |     28(28)     |   0(0)   | 0(0)  |    0(0)    |      0(0)       |   0(0)    |       0(0)       |   0(0)    |       0(0)       |   0(0)   |      0(0)       |  28(28)   |
|        +async_clk.wr2rd_bin2gray                                                                             |    6.5(6.5)    |   0(0)   | 0(0)  |    0(0)    |    6.5(6.5)     |   0(0)    |       0(0)       |   0(0)    |       0(0)       |   0(0)   |      0(0)       |   0(0)    |
|        +async_clk.wr2rd_gray2bin                                                                             |    6.5(0.5)    |   0(0)   | 0(0)  |    0(0)    |    6.5(0.5)     |   0(0)    |       0(0)       |   0(0)    |       0(0)       |   0(0)   |      0(0)       |   0(0)    |
|         +genblk1.genblk1.u_gray2bin                                                                          |     6(0.5)     |   0(0)   | 0(0)  |    0(0)    |     6(0.5)      |   0(0)    |       0(0)       |   0(0)    |       0(0)       |   0(0)   |      0(0)       |   0(0)    |
|          +genblk1.genblk1.u_gray2bin                                                                         |    5.5(0.5)    |   0(0)   | 0(0)  |    0(0)    |    5.5(0.5)     |   0(0)    |       0(0)       |   0(0)    |       0(0)       |   0(0)   |      0(0)       |   0(0)    |
|           +genblk1.genblk1.u_gray2bin                                                                        |     5(0.5)     |   0(0)   | 0(0)  |    0(0)    |     5(0.5)      |   0(0)    |       0(0)       |   0(0)    |       0(0)       |   0(0)   |      0(0)       |   0(0)    |
|            +genblk1.genblk1.u_gray2bin                                                                       |    4.5(0.5)    |   0(0)   | 0(0)  |    0(0)    |    4.5(0.5)     |   0(0)    |       0(0)       |   0(0)    |       0(0)       |   0(0)   |      0(0)       |   0(0)    |
|             +genblk1.genblk1.u_gray2bin                                                                      |     4(0.5)     |   0(0)   | 0(0)  |    0(0)    |     4(0.5)      |   0(0)    |       0(0)       |   0(0)    |       0(0)       |   0(0)   |      0(0)       |   0(0)    |
|              +genblk1.genblk1.u_gray2bin                                                                     |    3.5(0.5)    |   0(0)   | 0(0)  |    0(0)    |    3.5(0.5)     |   0(0)    |       0(0)       |   0(0)    |       0(0)       |   0(0)   |      0(0)       |   0(0)    |
|               +genblk1.genblk1.u_gray2bin                                                                    |     3(0.5)     |   0(0)   | 0(0)  |    0(0)    |     3(0.5)      |   0(0)    |       0(0)       |   0(0)    |       0(0)       |   0(0)   |      0(0)       |   0(0)    |
|                +genblk1.genblk1.u_gray2bin                                                                   |    2.5(0.5)    |   0(0)   | 0(0)  |    0(0)    |    2.5(0.5)     |   0(0)    |       0(0)       |   0(0)    |       0(0)       |   0(0)   |      0(0)       |   0(0)    |
|                 +genblk1.genblk1.u_gray2bin                                                                  |     2(0.5)     |   0(0)   | 0(0)  |    0(0)    |     2(0.5)      |   0(0)    |       0(0)       |   0(0)    |       0(0)       |   0(0)   |      0(0)       |   0(0)    |
|                  +genblk1.genblk1.u_gray2bin                                                                 |    1.5(0.5)    |   0(0)   | 0(0)  |    0(0)    |    1.5(0.5)     |   0(0)    |       0(0)       |   0(0)    |       0(0)       |   0(0)   |      0(0)       |   0(0)    |
|                   +genblk1.genblk1.u_gray2bin                                                                |     1(0.5)     |   0(0)   | 0(0)  |    0(0)    |     1(0.5)      |   0(0)    |       0(0)       |   0(0)    |       0(0)       |   0(0)   |      0(0)       |   0(0)    |
|                    +genblk1.genblk1.u_gray2bin                                                               |    0.5(0.5)    |   0(0)   | 0(0)  |    0(0)    |    0.5(0.5)     |   0(0)    |       0(0)       |   0(0)    |       0(0)       |   0(0)   |      0(0)       |   0(0)    |
|        +async_clk.xrd2wr_addr_sync                                                                           |     28(28)     |   0(0)   | 0(0)  |    0(0)    |      0(0)       |   0(0)    |       0(0)       |   0(0)    |       0(0)       |   0(0)   |      0(0)       |  28(28)   |
|        +async_clk.xrd2wr_bin2gray                                                                            |    6.5(6.5)    |   0(0)   | 0(0)  |    0(0)    |    6.5(6.5)     |   0(0)    |       0(0)       |   0(0)    |       0(0)       |   0(0)   |      0(0)       |   0(0)    |
|        +async_clk.xrd2wr_gray2bin                                                                            |     8(0.5)     |   0(0)   | 0(0)  |    3(0)    |     5(0.5)      |   0(0)    |       0(0)       |   0(0)    |       0(0)       |   0(0)   |      0(0)       |   0(0)    |
|         +genblk1.genblk1.u_gray2bin                                                                          |    7.5(0.5)    |   0(0)   | 0(0)  |    3(0)    |    4.5(0.5)     |   0(0)    |       0(0)       |   0(0)    |       0(0)       |   0(0)   |      0(0)       |   0(0)    |
|          +genblk1.genblk1.u_gray2bin                                                                         |     7(0.5)     |   0(0)   | 0(0)  |    3(0)    |     4(0.5)      |   0(0)    |       0(0)       |   0(0)    |       0(0)       |   0(0)   |      0(0)       |   0(0)    |
|           +genblk1.genblk1.u_gray2bin                                                                        |    6.5(0.5)    |   0(0)   | 0(0)  |    3(0)    |    3.5(0.5)     |   0(0)    |       0(0)       |   0(0)    |       0(0)       |   0(0)   |      0(0)       |   0(0)    |
|            +genblk1.genblk1.u_gray2bin                                                                       |     6(0.5)     |   0(0)   | 0(0)  |    3(0)    |     3(0.5)      |   0(0)    |       0(0)       |   0(0)    |       0(0)       |   0(0)   |      0(0)       |   0(0)    |
|             +genblk1.genblk1.u_gray2bin                                                                      |    5.5(0.5)    |   0(0)   | 0(0)  |    3(0)    |    2.5(0.5)     |   0(0)    |       0(0)       |   0(0)    |       0(0)       |   0(0)   |      0(0)       |   0(0)    |
|              +genblk1.genblk1.u_gray2bin                                                                     |     5(0.5)     |   0(0)   | 0(0)  |    3(0)    |     2(0.5)      |   0(0)    |       0(0)       |   0(0)    |       0(0)       |   0(0)   |      0(0)       |   0(0)    |
|               +genblk1.genblk1.u_gray2bin                                                                    |    4.5(0.5)    |   0(0)   | 0(0)  |    3(0)    |    1.5(0.5)     |   0(0)    |       0(0)       |   0(0)    |       0(0)       |   0(0)   |      0(0)       |   0(0)    |
|                +genblk1.genblk1.u_gray2bin                                                                   |     4(0.5)     |   0(0)   | 0(0)  |    3(0)    |     1(0.5)      |   0(0)    |       0(0)       |   0(0)    |       0(0)       |   0(0)   |      0(0)       |   0(0)    |
|                 +genblk1.genblk1.u_gray2bin                                                                  |    3.5(0.5)    |   0(0)   | 0(0)  |    3(0)    |    0.5(0.5)     |   0(0)    |       0(0)       |   0(0)    |       0(0)       |   0(0)   |      0(0)       |   0(0)    |
|                  +genblk1.genblk1.u_gray2bin                                                                 |      3(1)      |   0(0)   | 0(0)  |    3(1)    |      0(0)       |   0(0)    |       0(0)       |   0(0)    |       0(0)       |   0(0)   |      0(0)       |   0(0)    |
|                   +genblk1.genblk1.u_gray2bin                                                                |      2(1)      |   0(0)   | 0(0)  |    2(1)    |      0(0)       |   0(0)    |       0(0)       |   0(0)    |       0(0)       |   0(0)   |      0(0)       |   0(0)    |
|                    +genblk1.genblk1.u_gray2bin                                                               |      1(1)      |   0(0)   | 0(0)  |    1(1)    |      0(0)       |   0(0)    |       0(0)       |   0(0)    |       0(0)       |   0(0)   |      0(0)       |   0(0)    |
|       +xefx_fifo_ram                                                                                         |      0(0)      |  64(64)  | 0(0)  |    0(0)    |      0(0)       |   0(0)    |       0(0)       |   0(0)    |       0(0)       |   0(0)   |      0(0)       |   0(0)    |
|     +syncreg_1                                                                                               |      2(2)      |   0(0)   | 0(0)  |    0(0)    |      0(0)       |   0(0)    |       0(0)       |   0(0)    |       0(0)       |   0(0)   |      0(0)       |   2(2)    |
|     +syncreg_2                                                                                               |      4(4)      |   0(0)   | 0(0)  |    0(0)    |      0(0)       |   0(0)    |       0(0)       |   0(0)    |       0(0)       |   0(0)   |      0(0)       |   4(4)    |
|   +inst_ethernet_core                                                                                        |   13037(560)   |  224(0)  | 0(0)  | 6923(338)  |    2548(104)    |   0(0)    |       0(0)       |  645(0)   |     230(47)      |  50(0)   |      0(0)       | 2641(71)  |
|    +eth_axis_rx_inst                                                                                         |    263(263)    |   0(0)   | 0(0)  |   24(24)   |     88(88)      |   0(0)    |       0(0)       |   0(0)    |       0(0)       |   0(0)   |      0(0)       | 151(151)  |
|    +eth_axis_tx_inst                                                                                         |    283(283)    |   0(0)   | 0(0)  |   21(21)   |    156(156)     |   0(0)    |       0(0)       |   0(0)    |       0(0)       |   0(0)   |      0(0)       | 106(106)  |
|    +udp_complete_inst                                                                                        |    4885(6)     |  54(0)   | 0(0)  |  1109(4)   |     1389(1)     |   0(0)    |       0(0)       |  560(0)   |      92(0)       |   0(0)   |      0(0)       |  1735(1)  |
|     +ip_arb_mux_inst                                                                                         |   261(259.5)   |   0(0)   | 0(0)  |    9(8)    |    80(79.5)     |   0(0)    |       0(0)       |   0(0)    |       0(0)       |   0(0)   |      0(0)       | 172(172)  |
|      +arb_inst                                                                                               |    1.5(1.5)    |   0(0)   | 0(0)  |    1(1)    |    0.5(0.5)     |   0(0)    |       0(0)       |   0(0)    |       0(0)       |   0(0)   |      0(0)       |   0(0)    |
|     +ip_complete_64_inst                                                                                     |    3140(15)    |   6(0)   | 0(0)  |  730(12)   |     942(0)      |   0(0)    |       0(0)       |  273(0)   |      53(0)       |   0(0)   |      0(0)       |  1142(3)  |
|      +arp_inst                                                                                               |   1470(519)    |   6(0)   | 0(0)  |  306(119)  |    412(229)     |   0(0)    |       0(0)       |  40(40)   |       0(0)       |   0(0)   |      0(0)       | 712(131)  |
|       +arp_cache_inst                                                                                        |    301(301)    |   6(6)   | 0(0)  |  122(122)  |     22(22)      |   0(0)    |       0(0)       |   0(0)    |       0(0)       |   0(0)   |      0(0)       | 157(157)  |
|       +arp_eth_rx_inst                                                                                       |    326(326)    |   0(0)   | 0(0)  |   47(47)   |     20(20)      |   0(0)    |       0(0)       |   0(0)    |       0(0)       |   0(0)   |      0(0)       | 259(259)  |
|       +arp_eth_tx_inst                                                                                       |    324(324)    |   0(0)   | 0(0)  |   18(18)   |    141(141)     |   0(0)    |       0(0)       |   0(0)    |       0(0)       |   0(0)   |      0(0)       | 165(165)  |
|      +eth_arb_mux_inst                                                                                       |   218(212.5)   |   0(0)   | 0(0)  |   10(7)    |   206(203.5)    |   0(0)    |       0(0)       |   0(0)    |       0(0)       |   0(0)   |      0(0)       |   2(2)    |
|       +arb_inst                                                                                              |     5.5(5)     |   0(0)   | 0(0)  |    3(3)    |     2.5(2)      |   0(0)    |       0(0)       |   0(0)    |       0(0)       |   0(0)   |      0(0)       |   0(0)    |
|        +priority_encoder_inst                                                                                |    0.5(0.5)    |   0(0)   | 0(0)  |    0(0)    |    0.5(0.5)     |   0(0)    |       0(0)       |   0(0)    |       0(0)       |   0(0)   |      0(0)       |   0(0)    |
|      +ip_inst                                                                                                |    1437(61)    |   0(0)   | 0(0)  |   402(6)   |     324(6)      |   0(0)    |       0(0)       |  233(0)   |      53(0)       |   0(0)   |      0(0)       |  425(49)  |
|       +ip_eth_rx_64_inst                                                                                     |    514(514)    |   0(0)   | 0(0)  |   97(97)   |    144(144)     |   0(0)    |       0(0)       | 122(122)  |      34(34)      |   0(0)   |      0(0)       | 117(117)  |
|       +ip_eth_tx_64_inst                                                                                     |    862(862)    |   0(0)   | 0(0)  |  299(299)  |    174(174)     |   0(0)    |       0(0)       | 111(111)  |      19(19)      |   0(0)   |      0(0)       | 259(259)  |
|     +udp_64_inst                                                                                             |    1478(0)     |  48(0)   | 0(0)  |   366(0)   |     366(0)      |   0(0)    |       0(0)       |  287(0)   |      39(0)       |   0(0)   |      0(0)       |  420(0)   |
|      +genblk1.udp_checksum_gen_64_inst                                                                       |    700(580)    |  48(11)  | 0(0)  |  166(148)  |     99(85)      |   0(0)    |       0(0)       | 231(231)  |      26(14)      |   0(0)   |      0(0)       | 178(102)  |
|       +payload_fifo                                                                                          |    120(120)    |  37(37)  | 0(0)  |   18(18)   |     14(14)      |   0(0)    |       0(0)       |   0(0)    |      12(12)      |   0(0)   |      0(0)       |  76(76)   |
|      +udp_ip_rx_64_inst                                                                                      |    161(161)    |   0(0)   | 0(0)  |   14(14)   |     98(98)      |   0(0)    |       0(0)       |  28(28)   |       0(0)       |   0(0)   |      0(0)       |  21(21)   |
|      +udp_ip_tx_64_inst                                                                                      |    617(617)    |   0(0)   | 0(0)  |  186(186)  |    169(169)     |   0(0)    |       0(0)       |  28(28)   |      13(13)      |   0(0)   |      0(0)       | 221(221)  |
|    +udp_payload_fifo                                                                                         |    120(120)    |  37(37)  | 0(0)  |   18(18)   |     14(14)      |   0(0)    |       0(0)       |   0(0)    |      12(12)      |   0(0)   |      0(0)       |  76(76)   |
|    +u_axis_fifo                                                                                              |    109(109)    |   4(4)   | 0(0)  |   13(13)   |     11(11)      |   0(0)    |       0(0)       |   0(0)    |       9(9)       |   0(0)   |      0(0)       |  76(76)   |
|    +u_line_to_packets                                                                                        |    506(205)    |  129(0)  | 0(0)  |  159(110)  |     142(49)     |   0(0)    |       0(0)       |   32(0)   |      70(27)      |  50(0)   |      0(0)       |  53(19)   |
|     +u_fwft_fifo_data                                                                                        |     135(4)     |   1(0)   | 0(0)  |   27(0)    |      37(0)      |   0(0)    |       0(0)       |   13(0)   |      17(0)       |  20(0)   |      0(0)       |   21(4)   |
|      +xefx_fifo_ctl                                                                                          |    131(85)     |   0(0)   | 0(0)  |   27(19)   |     37(19)      |   0(0)    |       0(0)       |  13(13)   |      17(17)      |  20(0)   |      0(0)       |  17(17)   |
|       +genblk7.wr2rd_addr_sync                                                                               |     10(10)     |   0(0)   | 0(0)  |    0(0)    |      0(0)       |   0(0)    |       0(0)       |   0(0)    |       0(0)       |  10(10)  |      0(0)       |   0(0)    |
|       +genblk7.wr2rd_bin2gray                                                                                |    4.5(4.5)    |   0(0)   | 0(0)  |    0(0)    |    4.5(4.5)     |   0(0)    |       0(0)       |   0(0)    |       0(0)       |   0(0)   |      0(0)       |   0(0)    |
|       +genblk7.wr2rd_gray2bin                                                                                |    4.5(0.5)    |   0(0)   | 0(0)  |    0(0)    |    4.5(0.5)     |   0(0)    |       0(0)       |   0(0)    |       0(0)       |   0(0)   |      0(0)       |   0(0)    |
|        +genblk1.genblk1.u_gray2bin                                                                           |     4(0.5)     |   0(0)   | 0(0)  |    0(0)    |     4(0.5)      |   0(0)    |       0(0)       |   0(0)    |       0(0)       |   0(0)   |      0(0)       |   0(0)    |
|         +genblk1.genblk1.u_gray2bin                                                                          |    3.5(0.5)    |   0(0)   | 0(0)  |    0(0)    |    3.5(0.5)     |   0(0)    |       0(0)       |   0(0)    |       0(0)       |   0(0)   |      0(0)       |   0(0)    |
|          +genblk1.genblk1.u_gray2bin                                                                         |     3(0.5)     |   0(0)   | 0(0)  |    0(0)    |     3(0.5)      |   0(0)    |       0(0)       |   0(0)    |       0(0)       |   0(0)   |      0(0)       |   0(0)    |
|           +genblk1.genblk1.u_gray2bin                                                                        |    2.5(0.5)    |   0(0)   | 0(0)  |    0(0)    |    2.5(0.5)     |   0(0)    |       0(0)       |   0(0)    |       0(0)       |   0(0)   |      0(0)       |   0(0)    |
|            +genblk1.genblk1.u_gray2bin                                                                       |     2(0.5)     |   0(0)   | 0(0)  |    0(0)    |     2(0.5)      |   0(0)    |       0(0)       |   0(0)    |       0(0)       |   0(0)   |      0(0)       |   0(0)    |
|             +genblk1.genblk1.u_gray2bin                                                                      |    1.5(0.5)    |   0(0)   | 0(0)  |    0(0)    |    1.5(0.5)     |   0(0)    |       0(0)       |   0(0)    |       0(0)       |   0(0)   |      0(0)       |   0(0)    |
|              +genblk1.genblk1.u_gray2bin                                                                     |     1(0.5)     |   0(0)   | 0(0)  |    0(0)    |     1(0.5)      |   0(0)    |       0(0)       |   0(0)    |       0(0)       |   0(0)   |      0(0)       |   0(0)    |
|               +genblk1.genblk1.u_gray2bin                                                                    |    0.5(0.5)    |   0(0)   | 0(0)  |    0(0)    |    0.5(0.5)     |   0(0)    |       0(0)       |   0(0)    |       0(0)       |   0(0)   |      0(0)       |   0(0)    |
|       +genblk7.xrd2wr_addr_sync                                                                              |     10(10)     |   0(0)   | 0(0)  |    0(0)    |      0(0)       |   0(0)    |       0(0)       |   0(0)    |       0(0)       |  10(10)  |      0(0)       |   0(0)    |
|       +genblk7.xrd2wr_bin2gray                                                                               |   12.5(12.5)   |   0(0)   | 0(0)  |    8(8)    |    4.5(4.5)     |   0(0)    |       0(0)       |   0(0)    |       0(0)       |   0(0)   |      0(0)       |   0(0)    |
|       +genblk7.xrd2wr_gray2bin                                                                               |    4.5(0.5)    |   0(0)   | 0(0)  |    0(0)    |    4.5(0.5)     |   0(0)    |       0(0)       |   0(0)    |       0(0)       |   0(0)   |      0(0)       |   0(0)    |
|        +genblk1.genblk1.u_gray2bin                                                                           |     4(0.5)     |   0(0)   | 0(0)  |    0(0)    |     4(0.5)      |   0(0)    |       0(0)       |   0(0)    |       0(0)       |   0(0)   |      0(0)       |   0(0)    |
|         +genblk1.genblk1.u_gray2bin                                                                          |    3.5(0.5)    |   0(0)   | 0(0)  |    0(0)    |    3.5(0.5)     |   0(0)    |       0(0)       |   0(0)    |       0(0)       |   0(0)   |      0(0)       |   0(0)    |
|          +genblk1.genblk1.u_gray2bin                                                                         |     3(0.5)     |   0(0)   | 0(0)  |    0(0)    |     3(0.5)      |   0(0)    |       0(0)       |   0(0)    |       0(0)       |   0(0)   |      0(0)       |   0(0)    |
|           +genblk1.genblk1.u_gray2bin                                                                        |    2.5(0.5)    |   0(0)   | 0(0)  |    0(0)    |    2.5(0.5)     |   0(0)    |       0(0)       |   0(0)    |       0(0)       |   0(0)   |      0(0)       |   0(0)    |
|            +genblk1.genblk1.u_gray2bin                                                                       |     2(0.5)     |   0(0)   | 0(0)  |    0(0)    |     2(0.5)      |   0(0)    |       0(0)       |   0(0)    |       0(0)       |   0(0)   |      0(0)       |   0(0)    |
|             +genblk1.genblk1.u_gray2bin                                                                      |    1.5(0.5)    |   0(0)   | 0(0)  |    0(0)    |    1.5(0.5)     |   0(0)    |       0(0)       |   0(0)    |       0(0)       |   0(0)   |      0(0)       |   0(0)    |
|              +genblk1.genblk1.u_gray2bin                                                                     |     1(0.5)     |   0(0)   | 0(0)  |    0(0)    |     1(0.5)      |   0(0)    |       0(0)       |   0(0)    |       0(0)       |   0(0)   |      0(0)       |   0(0)    |
|               +genblk1.genblk1.u_gray2bin                                                                    |    0.5(0.5)    |   0(0)   | 0(0)  |    0(0)    |    0.5(0.5)     |   0(0)    |       0(0)       |   0(0)    |       0(0)       |   0(0)   |      0(0)       |   0(0)    |
|      +xefx_fifo_ram                                                                                          |      0(0)      |   1(1)   | 0(0)  |    0(0)    |      0(0)       |   0(0)    |       0(0)       |   0(0)    |       0(0)       |   0(0)   |      0(0)       |   0(0)    |
|     +u_fwft_fifo_trans                                                                                       |     166(4)     |  128(0)  | 0(0)  |   22(0)    |      56(0)      |   0(0)    |       0(0)       |   19(0)   |      26(0)       |  30(0)   |      0(0)       |   13(4)   |
|      +xefx_fifo_ctl                                                                                          |    157(99)     |   0(0)   | 0(0)  |   18(18)   |     56(28)      |   0(0)    |       0(0)       |  19(19)   |      26(26)      |  30(0)   |      0(0)       |   8(8)    |
|       +genblk7.wr2rd_addr_sync                                                                               |     15(15)     |   0(0)   | 0(0)  |    0(0)    |      0(0)       |   0(0)    |       0(0)       |   0(0)    |       0(0)       |  15(15)  |      0(0)       |   0(0)    |
|       +genblk7.wr2rd_bin2gray                                                                                |      7(7)      |   0(0)   | 0(0)  |    0(0)    |      7(7)       |   0(0)    |       0(0)       |   0(0)    |       0(0)       |   0(0)   |      0(0)       |   0(0)    |
|       +genblk7.wr2rd_gray2bin                                                                                |     7(0.5)     |   0(0)   | 0(0)  |    0(0)    |     7(0.5)      |   0(0)    |       0(0)       |   0(0)    |       0(0)       |   0(0)   |      0(0)       |   0(0)    |
|        +genblk1.genblk1.u_gray2bin                                                                           |    6.5(0.5)    |   0(0)   | 0(0)  |    0(0)    |    6.5(0.5)     |   0(0)    |       0(0)       |   0(0)    |       0(0)       |   0(0)   |      0(0)       |   0(0)    |
|         +genblk1.genblk1.u_gray2bin                                                                          |     6(0.5)     |   0(0)   | 0(0)  |    0(0)    |     6(0.5)      |   0(0)    |       0(0)       |   0(0)    |       0(0)       |   0(0)   |      0(0)       |   0(0)    |
|          +genblk1.genblk1.u_gray2bin                                                                         |    5.5(0.5)    |   0(0)   | 0(0)  |    0(0)    |    5.5(0.5)     |   0(0)    |       0(0)       |   0(0)    |       0(0)       |   0(0)   |      0(0)       |   0(0)    |
|           +genblk1.genblk1.u_gray2bin                                                                        |     5(0.5)     |   0(0)   | 0(0)  |    0(0)    |     5(0.5)      |   0(0)    |       0(0)       |   0(0)    |       0(0)       |   0(0)   |      0(0)       |   0(0)    |
|            +genblk1.genblk1.u_gray2bin                                                                       |    4.5(0.5)    |   0(0)   | 0(0)  |    0(0)    |    4.5(0.5)     |   0(0)    |       0(0)       |   0(0)    |       0(0)       |   0(0)   |      0(0)       |   0(0)    |
|             +genblk1.genblk1.u_gray2bin                                                                      |     4(0.5)     |   0(0)   | 0(0)  |    0(0)    |     4(0.5)      |   0(0)    |       0(0)       |   0(0)    |       0(0)       |   0(0)   |      0(0)       |   0(0)    |
|              +genblk1.genblk1.u_gray2bin                                                                     |    3.5(0.5)    |   0(0)   | 0(0)  |    0(0)    |    3.5(0.5)     |   0(0)    |       0(0)       |   0(0)    |       0(0)       |   0(0)   |      0(0)       |   0(0)    |
|               +genblk1.genblk1.u_gray2bin                                                                    |     3(0.5)     |   0(0)   | 0(0)  |    0(0)    |     3(0.5)      |   0(0)    |       0(0)       |   0(0)    |       0(0)       |   0(0)   |      0(0)       |   0(0)    |
|                +genblk1.genblk1.u_gray2bin                                                                   |    2.5(0.5)    |   0(0)   | 0(0)  |    0(0)    |    2.5(0.5)     |   0(0)    |       0(0)       |   0(0)    |       0(0)       |   0(0)   |      0(0)       |   0(0)    |
|                 +genblk1.genblk1.u_gray2bin                                                                  |     2(0.5)     |   0(0)   | 0(0)  |    0(0)    |     2(0.5)      |   0(0)    |       0(0)       |   0(0)    |       0(0)       |   0(0)   |      0(0)       |   0(0)    |
|                  +genblk1.genblk1.u_gray2bin                                                                 |    1.5(0.5)    |   0(0)   | 0(0)  |    0(0)    |    1.5(0.5)     |   0(0)    |       0(0)       |   0(0)    |       0(0)       |   0(0)   |      0(0)       |   0(0)    |
|                   +genblk1.genblk1.u_gray2bin                                                                |     1(0.5)     |   0(0)   | 0(0)  |    0(0)    |     1(0.5)      |   0(0)    |       0(0)       |   0(0)    |       0(0)       |   0(0)   |      0(0)       |   0(0)    |
|                    +genblk1.genblk1.u_gray2bin                                                               |    0.5(0.5)    |   0(0)   | 0(0)  |    0(0)    |    0.5(0.5)     |   0(0)    |       0(0)       |   0(0)    |       0(0)       |   0(0)   |      0(0)       |   0(0)    |
|       +genblk7.xrd2wr_addr_sync                                                                              |     15(15)     |   0(0)   | 0(0)  |    0(0)    |      0(0)       |   0(0)    |       0(0)       |   0(0)    |       0(0)       |  15(15)  |      0(0)       |   0(0)    |
|       +genblk7.xrd2wr_bin2gray                                                                               |      7(7)      |   0(0)   | 0(0)  |    0(0)    |      7(7)       |   0(0)    |       0(0)       |   0(0)    |       0(0)       |   0(0)   |      0(0)       |   0(0)    |
|       +genblk7.xrd2wr_gray2bin                                                                               |     7(0.5)     |   0(0)   | 0(0)  |    0(0)    |     7(0.5)      |   0(0)    |       0(0)       |   0(0)    |       0(0)       |   0(0)   |      0(0)       |   0(0)    |
|        +genblk1.genblk1.u_gray2bin                                                                           |    6.5(0.5)    |   0(0)   | 0(0)  |    0(0)    |    6.5(0.5)     |   0(0)    |       0(0)       |   0(0)    |       0(0)       |   0(0)   |      0(0)       |   0(0)    |
|         +genblk1.genblk1.u_gray2bin                                                                          |     6(0.5)     |   0(0)   | 0(0)  |    0(0)    |     6(0.5)      |   0(0)    |       0(0)       |   0(0)    |       0(0)       |   0(0)   |      0(0)       |   0(0)    |
|          +genblk1.genblk1.u_gray2bin                                                                         |    5.5(0.5)    |   0(0)   | 0(0)  |    0(0)    |    5.5(0.5)     |   0(0)    |       0(0)       |   0(0)    |       0(0)       |   0(0)   |      0(0)       |   0(0)    |
|           +genblk1.genblk1.u_gray2bin                                                                        |     5(0.5)     |   0(0)   | 0(0)  |    0(0)    |     5(0.5)      |   0(0)    |       0(0)       |   0(0)    |       0(0)       |   0(0)   |      0(0)       |   0(0)    |
|            +genblk1.genblk1.u_gray2bin                                                                       |    4.5(0.5)    |   0(0)   | 0(0)  |    0(0)    |    4.5(0.5)     |   0(0)    |       0(0)       |   0(0)    |       0(0)       |   0(0)   |      0(0)       |   0(0)    |
|             +genblk1.genblk1.u_gray2bin                                                                      |     4(0.5)     |   0(0)   | 0(0)  |    0(0)    |     4(0.5)      |   0(0)    |       0(0)       |   0(0)    |       0(0)       |   0(0)   |      0(0)       |   0(0)    |
|              +genblk1.genblk1.u_gray2bin                                                                     |    3.5(0.5)    |   0(0)   | 0(0)  |    0(0)    |    3.5(0.5)     |   0(0)    |       0(0)       |   0(0)    |       0(0)       |   0(0)   |      0(0)       |   0(0)    |
|               +genblk1.genblk1.u_gray2bin                                                                    |     3(0.5)     |   0(0)   | 0(0)  |    0(0)    |     3(0.5)      |   0(0)    |       0(0)       |   0(0)    |       0(0)       |   0(0)   |      0(0)       |   0(0)    |
|                +genblk1.genblk1.u_gray2bin                                                                   |    2.5(0.5)    |   0(0)   | 0(0)  |    0(0)    |    2.5(0.5)     |   0(0)    |       0(0)       |   0(0)    |       0(0)       |   0(0)   |      0(0)       |   0(0)    |
|                 +genblk1.genblk1.u_gray2bin                                                                  |     2(0.5)     |   0(0)   | 0(0)  |    0(0)    |     2(0.5)      |   0(0)    |       0(0)       |   0(0)    |       0(0)       |   0(0)   |      0(0)       |   0(0)    |
|                  +genblk1.genblk1.u_gray2bin                                                                 |    1.5(0.5)    |   0(0)   | 0(0)  |    0(0)    |    1.5(0.5)     |   0(0)    |       0(0)       |   0(0)    |       0(0)       |   0(0)   |      0(0)       |   0(0)    |
|                   +genblk1.genblk1.u_gray2bin                                                                |     1(0.5)     |   0(0)   | 0(0)  |    0(0)    |     1(0.5)      |   0(0)    |       0(0)       |   0(0)    |       0(0)       |   0(0)   |      0(0)       |   0(0)    |
|                    +genblk1.genblk1.u_gray2bin                                                               |    0.5(0.5)    |   0(0)   | 0(0)  |    0(0)    |    0.5(0.5)     |   0(0)    |       0(0)       |   0(0)    |       0(0)       |   0(0)   |      0(0)       |   0(0)    |
|      +xefx_fifo_ram                                                                                          |      5(5)      | 128(128) | 0(0)  |    4(4)    |      0(0)       |   0(0)    |       0(0)       |   0(0)    |       0(0)       |   0(0)   |      0(0)       |   1(1)    |
|    +u_mac10gbe                                                                                               |    6311(0)     |   0(0)   | 0(0)  |  5241(0)   |     644(0)      |   0(0)    |       0(0)       |   53(0)   |       0(0)       |   0(0)   |      0(0)       |  373(0)   |
|     +u_efx_mac10gbe                                                                                          |    6311(0)     |   0(0)   | 0(0)  |  5241(0)   |     644(0)      |   0(0)    |       0(0)       |   53(0)   |       0(0)       |   0(0)   |      0(0)       |  373(0)   |
|      +inst_efx_xgmac                                                                                         |    6254(0)     |   0(0)   | 0(0)  |  5223(0)   |     623(0)      |   0(0)    |       0(0)       |   41(0)   |       0(0)       |   0(0)   |      0(0)       |  367(0)   |
|       +inst_mac_reset_n                                                                                      |      2(0)      |   0(0)   | 0(0)  |    0(0)    |      0(0)       |   0(0)    |       0(0)       |   0(0)    |       0(0)       |   0(0)   |      0(0)       |   2(0)    |
|        +active_low.efx_resetsync_active_low                                                                  |      2(2)      |   0(0)   | 0(0)  |    0(0)    |      0(0)       |   0(0)    |       0(0)       |   0(0)    |       0(0)       |   0(0)   |      0(0)       |   2(2)    |
|       +inst_rx_axi4_st                                                                                       |   94.5(94.5)   |   0(0)   | 0(0)  |   20(20)   |   64.5(64.5)    |   0(0)    |       0(0)       |   0(0)    |       0(0)       |   0(0)   |      0(0)       |  10(10)   |
|       +inst_rx_engine                                                                                        |   2885.5(0)    |   0(0)   | 0(0)  |  2400(0)   |    262.5(0)     |   0(0)    |       0(0)       |   21(0)   |       0(0)       |   0(0)   |      0(0)       |  202(0)   |
|        +u_CRC_chk                                                                                            | 2108.5(2108.5) |   0(0)   | 0(0)  | 1993(1993) |   51.5(51.5)    |   0(0)    |       0(0)       |   0(0)    |       0(0)       |   0(0)   |      0(0)       |  64(64)   |
|        +u_rx_ctr                                                                                             |    777(777)    |   0(0)   | 0(0)  |  407(407)  |    211(211)     |   0(0)    |       0(0)       |  21(21)   |       0(0)       |   0(0)   |      0(0)       | 138(138)  |
|       +inst_tx_axi4_st                                                                                       |   79.5(79.5)   |   0(0)   | 0(0)  |    5(5)    |   73.5(73.5)    |   0(0)    |       0(0)       |   0(0)    |       0(0)       |   0(0)   |      0(0)       |   1(1)    |
|       +inst_tx_engine                                                                                        |   3120.5(0)    |   0(0)   | 0(0)  |  2798(0)   |    222.5(0)     |   0(0)    |       0(0)       |   20(0)   |       0(0)       |   0(0)   |      0(0)       |   80(0)   |
|        +U_CRC_gen                                                                                            |   2640(2640)   |   0(0)   | 0(0)  | 2495(2495) |    105(105)     |   0(0)    |       0(0)       |   0(0)    |       0(0)       |   0(0)   |      0(0)       |  40(40)   |
|        +u_tx_ctr                                                                                             |  480.5(480.5)  |   0(0)   | 0(0)  |  303(303)  |  117.5(117.5)   |   0(0)    |       0(0)       |  20(20)   |       0(0)       |   0(0)   |      0(0)       |  40(40)   |
|       +inst_xgmii_if_ex                                                                                      |     72(72)     |   0(0)   | 0(0)  |    0(0)    |      0(0)       |   0(0)    |       0(0)       |   0(0)    |       0(0)       |   0(0)   |      0(0)       |  72(72)   |
|      +inst_init                                                                                              |     57(55)     |   0(0)   | 0(0)  |   18(18)   |     21(21)      |   0(0)    |       0(0)       |  12(12)   |       0(0)       |   0(0)   |      0(0)       |   6(4)    |
|       +inst_init_rst_n                                                                                       |      2(0)      |   0(0)   | 0(0)  |    0(0)    |      0(0)       |   0(0)    |       0(0)       |   0(0)    |       0(0)       |   0(0)   |      0(0)       |   2(0)    |
|        +active_low.efx_resetsync_active_low                                                                  |      2(2)      |   0(0)   | 0(0)  |    0(0)    |      0(0)       |   0(0)    |       0(0)       |   0(0)    |       0(0)       |   0(0)   |      0(0)       |   2(2)    |
|   +inst_frame_buffer_512                                                                                     |   2116(109)    |  66(0)   | 0(0)  |  1238(79)  |     191(30)     |   0(0)    |       0(0)       |   27(0)   |      27(0)       |   0(0)   |      0(0)       |  633(0)   |
|    +inst_Axi4_2x512_1x512_00                                                                                 |    644(11)     |   0(0)   | 0(0)  |   604(8)   |      26(0)      |   0(0)    |       0(0)       |   0(0)    |       0(0)       |   0(0)   |      0(0)       |   14(3)   |
|     +io_axim_readOnly_arbiter                                                                                |     25(0)      |   0(0)   | 0(0)  |   22(0)    |      1(0)       |   0(0)    |       0(0)       |   0(0)    |       0(0)       |   0(0)   |      0(0)       |   2(0)    |
|      +cmdArbiter                                                                                             |     25(25)     |   0(0)   | 0(0)  |   22(22)   |      1(1)       |   0(0)    |       0(0)       |   0(0)    |       0(0)       |   0(0)   |      0(0)       |   2(2)    |
|     +io_axim_writeOnly_arbiter                                                                               |    567(521)    |   0(0)   | 0(0)  |  553(521)  |      8(0)       |   0(0)    |       0(0)       |   0(0)    |       0(0)       |   0(0)   |      0(0)       |   6(0)    |
|      +cmdArbiter                                                                                             |     23(23)     |   0(0)   | 0(0)  |   20(20)   |      2(2)       |   0(0)    |       0(0)       |   0(0)    |       0(0)       |   0(0)   |      0(0)       |   1(1)    |
|      +cmdArbiter_io_output_fork                                                                              |    7.5(7.5)    |   0(0)   | 0(0)  |    5(5)    |    1.5(1.5)     |   0(0)    |       0(0)       |   0(0)    |       0(0)       |   0(0)   |      0(0)       |   1(1)    |
|      +cmdArbiter_io_output_fork_io_outputs_1_translated_fifo                                                 |   15.5(15.5)   |   0(0)   | 0(0)  |    7(7)    |    4.5(4.5)     |   0(0)    |       0(0)       |   0(0)    |       0(0)       |   0(0)   |      0(0)       |   4(4)    |
|     +io_axis_0_readOnly_decoder                                                                              |      7(7)      |   0(0)   | 0(0)  |    3(3)    |      3(3)       |   0(0)    |       0(0)       |   0(0)    |       0(0)       |   0(0)   |      0(0)       |   1(1)    |
|     +io_axis_0_writeOnly_decoder                                                                             |     19(19)     |   0(0)   | 0(0)  |   11(11)   |      7(7)       |   0(0)    |       0(0)       |   0(0)    |       0(0)       |   0(0)   |      0(0)       |   1(1)    |
|     +io_axis_1_writeOnly_decoder                                                                             |     15(15)     |   0(0)   | 0(0)  |    7(7)    |      7(7)       |   0(0)    |       0(0)       |   0(0)    |       0(0)       |   0(0)   |      0(0)       |   1(1)    |
|    +inst_rd_address_decoder_0                                                                                |   1076(515)    |  34(0)   | 0(0)  |  415(411)  |     67(63)      |   0(0)    |       0(0)       |   9(9)    |      27(1)       |   0(0)   |      0(0)       |  558(31)  |
|     +fifo_01                                                                                                 |     35(28)     |   8(0)   | 0(0)  |    4(0)    |      2(0)       |   0(0)    |       0(0)       |   0(0)    |      26(26)      |   0(0)   |      0(0)       |   3(2)    |
|      +vga_buffer_in0                                                                                         |      7(7)      |   8(8)   | 0(0)  |    4(4)    |      2(2)       |   0(0)    |       0(0)       |   0(0)    |       0(0)       |   0(0)   |      0(0)       |   1(1)    |
|     +inst_shift_reg_02                                                                                       |     14(14)     |   0(0)   | 0(0)  |    0(0)    |      2(2)       |   0(0)    |       0(0)       |   0(0)    |       0(0)       |   0(0)   |      0(0)       |  12(12)   |
|     +inst_simple_dual_port_ram_00                                                                            |    512(512)    |  26(26)  | 0(0)  |    0(0)    |      0(0)       |   0(0)    |       0(0)       |   0(0)    |       0(0)       |   0(0)   |      0(0)       | 512(512)  |
|    +inst_wr_address_decoder_0                                                                                |    211(211)    |  32(0)   | 0(0)  |  100(100)  |     50(50)      |   0(0)    |       0(0)       |  18(18)   |       0(0)       |   0(0)   |      0(0)       |  43(43)   |
|     +genblk1[0].inst_pclk_to_axi_buffer                                                                      |      0(0)      |   2(2)   | 0(0)  |    0(0)    |      0(0)       |   0(0)    |       0(0)       |   0(0)    |       0(0)       |   0(0)   |      0(0)       |   0(0)    |
|     +genblk1[10].inst_pclk_to_axi_buffer                                                                     |      0(0)      |   2(2)   | 0(0)  |    0(0)    |      0(0)       |   0(0)    |       0(0)       |   0(0)    |       0(0)       |   0(0)   |      0(0)       |   0(0)    |
|     +genblk1[11].inst_pclk_to_axi_buffer                                                                     |      0(0)      |   2(2)   | 0(0)  |    0(0)    |      0(0)       |   0(0)    |       0(0)       |   0(0)    |       0(0)       |   0(0)   |      0(0)       |   0(0)    |
|     +genblk1[12].inst_pclk_to_axi_buffer                                                                     |      0(0)      |   2(2)   | 0(0)  |    0(0)    |      0(0)       |   0(0)    |       0(0)       |   0(0)    |       0(0)       |   0(0)   |      0(0)       |   0(0)    |
|     +genblk1[13].inst_pclk_to_axi_buffer                                                                     |      0(0)      |   2(2)   | 0(0)  |    0(0)    |      0(0)       |   0(0)    |       0(0)       |   0(0)    |       0(0)       |   0(0)   |      0(0)       |   0(0)    |
|     +genblk1[14].inst_pclk_to_axi_buffer                                                                     |      0(0)      |   2(2)   | 0(0)  |    0(0)    |      0(0)       |   0(0)    |       0(0)       |   0(0)    |       0(0)       |   0(0)   |      0(0)       |   0(0)    |
|     +genblk1[15].inst_pclk_to_axi_buffer                                                                     |      0(0)      |   2(2)   | 0(0)  |    0(0)    |      0(0)       |   0(0)    |       0(0)       |   0(0)    |       0(0)       |   0(0)   |      0(0)       |   0(0)    |
|     +genblk1[1].inst_pclk_to_axi_buffer                                                                      |      0(0)      |   2(2)   | 0(0)  |    0(0)    |      0(0)       |   0(0)    |       0(0)       |   0(0)    |       0(0)       |   0(0)   |      0(0)       |   0(0)    |
|     +genblk1[2].inst_pclk_to_axi_buffer                                                                      |      0(0)      |   2(2)   | 0(0)  |    0(0)    |      0(0)       |   0(0)    |       0(0)       |   0(0)    |       0(0)       |   0(0)   |      0(0)       |   0(0)    |
|     +genblk1[3].inst_pclk_to_axi_buffer                                                                      |      0(0)      |   2(2)   | 0(0)  |    0(0)    |      0(0)       |   0(0)    |       0(0)       |   0(0)    |       0(0)       |   0(0)   |      0(0)       |   0(0)    |
|     +genblk1[4].inst_pclk_to_axi_buffer                                                                      |      0(0)      |   2(2)   | 0(0)  |    0(0)    |      0(0)       |   0(0)    |       0(0)       |   0(0)    |       0(0)       |   0(0)   |      0(0)       |   0(0)    |
|     +genblk1[5].inst_pclk_to_axi_buffer                                                                      |      0(0)      |   2(2)   | 0(0)  |    0(0)    |      0(0)       |   0(0)    |       0(0)       |   0(0)    |       0(0)       |   0(0)   |      0(0)       |   0(0)    |
|     +genblk1[6].inst_pclk_to_axi_buffer                                                                      |      0(0)      |   2(2)   | 0(0)  |    0(0)    |      0(0)       |   0(0)    |       0(0)       |   0(0)    |       0(0)       |   0(0)   |      0(0)       |   0(0)    |
|     +genblk1[7].inst_pclk_to_axi_buffer                                                                      |      0(0)      |   2(2)   | 0(0)  |    0(0)    |      0(0)       |   0(0)    |       0(0)       |   0(0)    |       0(0)       |   0(0)   |      0(0)       |   0(0)    |
|     +genblk1[8].inst_pclk_to_axi_buffer                                                                      |      0(0)      |   2(2)   | 0(0)  |    0(0)    |      0(0)       |   0(0)    |       0(0)       |   0(0)    |       0(0)       |   0(0)   |      0(0)       |   0(0)    |
|     +genblk1[9].inst_pclk_to_axi_buffer                                                                      |      0(0)      |   2(2)   | 0(0)  |    0(0)    |      0(0)       |   0(0)    |       0(0)       |   0(0)    |       0(0)       |   0(0)   |      0(0)       |   0(0)    |
|    +inst_wr_address_decoder_1                                                                                |     53(53)     |   0(0)   | 0(0)  |   34(34)   |     14(14)      |   0(0)    |       0(0)       |   0(0)    |       0(0)       |   0(0)   |      0(0)       |   5(5)    |
|    +u0_frame_buffer_sel                                                                                      |     23(23)     |   0(0)   | 0(0)  |    6(6)    |      4(4)       |   0(0)    |       0(0)       |   0(0)    |       0(0)       |   0(0)   |      0(0)       |  13(13)   |
|   +inst_mipi_abp                                                                                             | 1683.5(1683.5) |   0(0)   | 0(0)  |  746(746)  |   35.5(35.5)    |   0(0)    |       0(0)       |   0(0)    |       0(0)       |   0(0)   |      0(0)       | 902(902)  |
|   +inst_raw2rgb                                                                                              |   599(564.5)   |  32(0)   | 0(0)  |  149(145)  |   168(166.5)    |   0(0)    |       0(0)       | 226(226)  |      33(7)       |   0(0)   |      0(0)       |  23(20)   |
|    +fifo_01                                                                                                  |    34.5(28)    |   8(0)   | 0(0)  |    4(0)    |     1.5(0)      |   0(0)    |       0(0)       |   0(0)    |      26(26)      |   0(0)   |      0(0)       |   3(2)    |
|     +vga_buffer_in0                                                                                          |    6.5(6.5)    |   8(8)   | 0(0)  |    4(4)    |    1.5(1.5)     |   0(0)    |       0(0)       |   0(0)    |       0(0)       |   0(0)   |      0(0)       |   1(1)    |
|    +inst_line_buffer_1                                                                                       |      0(0)      |   8(8)   | 0(0)  |    0(0)    |      0(0)       |   0(0)    |       0(0)       |   0(0)    |       0(0)       |   0(0)   |      0(0)       |   0(0)    |
|    +inst_line_buffer_2                                                                                       |      0(0)      |   8(8)   | 0(0)  |    0(0)    |      0(0)       |   0(0)    |       0(0)       |   0(0)    |       0(0)       |   0(0)   |      0(0)       |   0(0)    |
|    +inst_line_buffer_3                                                                                       |      0(0)      |   8(8)   | 0(0)  |    0(0)    |      0(0)       |   0(0)    |       0(0)       |   0(0)    |       0(0)       |   0(0)   |      0(0)       |   0(0)    |
|   +inst_vga_gen_P2                                                                                           |    340(340)    |   0(0)   | 0(0)  |  180(180)  |     19(19)      |   0(0)    |       0(0)       | 111(111)  |      15(15)      |   0(0)   |      0(0)       |  15(15)   |
|   +u0_cfg_fsm                                                                                                |   20.5(20.5)   |   0(0)   | 0(0)  |    8(8)    |   11.5(11.5)    |   0(0)    |       0(0)       |   0(0)    |       0(0)       |   0(0)   |      0(0)       |   1(1)    |
|   +u_reset                                                                                                   |      2(2)      |   0(0)   | 0(0)  |    0(0)    |      0(0)       |   0(0)    |       0(0)       |   0(0)    |       0(0)       |   0(0)   |      0(0)       |   2(2)    |
|  +q1_apb_master                                                                                              |     48(48)     |   0(0)   | 0(0)  |    9(9)    |     16(16)      |   0(0)    |       0(0)       |   0(0)    |       9(9)       |   0(0)   |      0(0)       |  14(14)   |
|  +rst_156mhz_reset_sync_inst                                                                                 |      4(4)      |   0(0)   | 0(0)  |    0(0)    |      0(0)       |   0(0)    |       0(0)       |   0(0)    |       0(0)       |   0(0)   |      0(0)       |   4(4)    |
|  +u_reset                                                                                                    |      2(2)      |   0(0)   | 0(0)  |    0(0)    |      0(0)       |   0(0)    |       0(0)       |   0(0)    |       0(0)       |   0(0)   |      0(0)       |   2(2)    |
+--------------------------------------------------------------------------------------------------------------+----------------+----------+-------+------------+-----------------+-----------+------------------+-----------+------------------+----------+-----------------+-----------+

----------- Module Resource Usage Distribution Estimates (end) ----------

